
Welcome to the OceanBase database implementation course.

Copyright (c) 2021 OceanBase and/or its affiliates.

Learn more about OceanBase at https://github.com/oceanbase/oceanbase
Learn more about MiniOB at https://github.com/oceanbase/miniob

Not set log file name, use default observer.log
Output configuration 

Db already exists: sys
Init a field with name=__trx_xid_begin
Init a field with name=__trx_xid_end
init mvcc trx kit done.
Extend one pool, this->size:128, item_num_per_pool:128, this->name:BufPool.
Extend one pool, this->size:256, item_num_per_pool:128, this->name:BufPool.
Extend one pool, this->size:384, item_num_per_pool:128, this->name:BufPool.
Extend one pool, this->size:512, item_num_per_pool:128, this->name:BufPool.
Extend one pool, this->size:640, item_num_per_pool:128, this->name:BufPool.
Extend one pool, this->size:768, item_num_per_pool:128, this->name:BufPool.
Extend one pool, this->size:896, item_num_per_pool:128, this->name:BufPool.
Extend one pool, this->size:1024, item_num_per_pool:128, this->name:BufPool.
Extend one pool, this->size:1152, item_num_per_pool:128, this->name:BufPool.
Extend one pool, this->size:1280, item_num_per_pool:128, this->name:BufPool.
Extend one pool, this->size:1408, item_num_per_pool:128, this->name:BufPool.
Extend one pool, this->size:1536, item_num_per_pool:128, this->name:BufPool.
Extend one pool, this->size:1664, item_num_per_pool:128, this->name:BufPool.
Extend one pool, this->size:1792, item_num_per_pool:128, this->name:BufPool.
Extend one pool, this->size:1920, item_num_per_pool:128, this->name:BufPool.
Extend one pool, this->size:2048, item_num_per_pool:128, this->name:BufPool.
Extend one pool, this->size:2176, item_num_per_pool:128, this->name:BufPool.
Extend one pool, this->size:2304, item_num_per_pool:128, this->name:BufPool.
Extend one pool, this->size:2432, item_num_per_pool:128, this->name:BufPool.
Extend one pool, this->size:2560, item_num_per_pool:128, this->name:BufPool.
Extend one pool, this->size:2560, item_num_per_pool:128, this->name:BufPool.
buffer pool manager init with memory size 16384000, page num: 2000, pool num: 20
double write buffer load pages done. page num=0
init log file manager success. directory=/home/obuser/oceanbase-contest/test/miniob-2025-new/miniob/db/sys/clog, log files=0
Db meta file not exist. db=sys, file=miniob/db/sys/sys.db
All table have been opened. num=0
